---
source: tests/solver.rs
expression: error
---
The following packages are incompatible
├─ a >=0, <4 can be installed with any of the following options:
│  └─ a 2
└─ a >=5, <10 cannot be installed because there are no viable options:
   └─ a 5, which conflicts with the versions reported above.
